out 0 00000000000000000000000001111011 0000007b 123
out 1 00000000000000000000000000101100 0000002c 44
out 2 00000000000000000000000000110111 00000037 55
