out 0 00000000000000000000000001111011 0000007b 123
out 1 00000000000000000000000011110000 000000f0 240
out 2 00000000000000000000000001111011 0000007b 123
out 3 00000000000000000000000001101111 0000006f 111
out 4 00000000000000000000000001111011 0000007b 123
out 5 00000000000000000000000001101111 0000006f 111
