out.s 0 01000000110001110111110011101101 6.234000
out.s 1 11000000011100010000011000100110 -3.766000
out.s 2 11000101011010110110000000000000 -3766.000000
out.s 3 01000100011110011110000000000000 999.500000
