out.s 0 11000000001000000000000000000000 -2.500000
out.s 1 00111111100111010111000010100011 1.230000
out.s 2 01000010111101101101100101111000 123.424744
out 3 390173f7 956396535
out.s 4 00111001000000010111001111110111 0.000123