out 0 00000000000000000000000001111011 0000007b 123
out 1 00000000000000000000001100010101 00000315 789
out 2 00000000000000000000000000110010 00000032 50
out 3 00000000000000000000000001000100 00000044 68
out 4 00000000000000000000000000110010 00000032 50
out 5 00000000000000000000000000111100 0000003c 60