out 0 0000006f 111
out 1 000000de 222
out 2 00000064 100
out 3 00000074 116
out 4 000001bc 444
out 5 0000022b 555
out 6 000001bc 444
out 7 0000022b 555