out 0 00000000 0
out 1 00000005 5
out 2 00000004 4
out 3 00000003 3
out 4 00000002 2
out 5 00000001 1
out 6 00000000 0
out 7 0000000f 15