out 0 abcde000 2882396160
out 1 abcde321 2882396961
out 2 00111018 1118232
out 3 abcde321 2882396961
out 4 abcddfff 2882396159
out 5 abcde000 2882396160
out 6 0000000a 10
out 7 fffffff6 4294967286