out 0 0000007b 123
out 1 0000002c 44
out 2 00000037 55