out 0 0000007b 123
out 1 0000007d 125
out 2 0000007a 122
out 3 00000071 113
out 4 00000017 23