out 0 00000017 23
out 1 0000001e 30
out 2 0000003c 60
out 3 00000078 120
out 4 00000007 7
out 5 00000003 3
out 6 00000001 1