out 0 0000006f 111
out 1 000000de 222
out 2 000001bc 444
out 3 0000022b 555