out 0 00000457 1111
out 1 000000de 222
out 2 0003c372 246642