out 0 0000001b 27
out 1 0000002d 45
out 2 00000032 50
out 3 00000044 68
out 4 00000001 1
out 5 00000002 2
out 6 0000001e 30
out 7 0000002d 45
out 8 00000016 22
out 9 00000021 33