out 0 00000000000000000000000000011011 0000001b 27
out 1 00000000000000000000000000101101 0000002d 45
out 2 00000000000000000000000000110010 00000032 50
out 3 00000000000000000000000001000100 00000044 68
out 4 00000000000000000000000000000001 00000001 1
out 5 00000000000000000000000000100011 00000023 35
out 6 00000000000000000000000001111000 00000078 120
out 7 00000000000000000000000001010110 00000056 86