out 0 00000000000000000000000000011011 0000001b 27
out 1 00000000000000000000000000101101 0000002d 45
out 2 00000000000000000000000000110010 00000032 50
out 3 00000000000000000000000001000100 00000044 68
out 4 00000000000000001101111010101101 0000dead 57005
out 5 00000000000000001011111011101111 0000beef 48879
out 6 00000000000000001101111010101101 0000dead 57005
out 7 00000000000000001011111011101111 0000beef 48879
out 8 00000000000000000001000100010001 00001111 4369
out 9 00000000000000000010001000100010 00002222 8738
out 10 00000000000000000000000000001111 0000000f 15
out 11 00000000000000000000000000010101 00000015 21