out 0 00000005 5
out 1 00000004 4
out 2 00000003 3
out 3 00000002 2
out 4 00000001 1
out 5 00000000 0