out 0 00000000000000000000000001111011 0000007b 123
out 1 00000000000000000000000011011110 000000de 222