out 0 00000000000000000000000000011011 0000001b 27
out 1 00000000000000000000000000101101 0000002d 45
out 2 00000000000000000000000000110010 00000032 50
out 3 00000000000000000000000001000100 00000044 68