out 0 00000016 22
out 1 000003e8 1000
out 2 000004d2 1234
out 3 000003e8 1000
out 4 000004d2 1234