out 0 0000007b 123
out 1 000000f0 240
out 2 0000007b 123
out 3 0000006f 111
out 4 0000007b 123
out 5 0000006f 111