out 0 00000000000000000000000000010010 00000012 18
out 1 00000000000000000000000000001000 00000008 8
out 2 00000000000000000000000000000010 00000002 2
out 3 00000000000000000000000011011111 000000df 223
